com\hotelsystem\room_service\model\RoomView.class
com\hotelsystem\room_service\exception\GlobalExceptionHandler.class
com\hotelsystem\room_service\model\Amenity.class
com\hotelsystem\room_service\application\CreateRoomCommandHandler.class
com\hotelsystem\room_service\model\BedType.class
com\hotelsystem\room_service\bootstrap\RoomDataSeeder.class
com\hotelsystem\room_service\application\GetRoomQueryHandler.class
com\hotelsystem\room_service\application\UpdateRoomStatusCommandHandler.class
com\hotelsystem\room_service\event\RoomStatusChangedEvent.class
com\hotelsystem\room_service\repository\AmenityRepository.class
com\hotelsystem\room_service\repository\RoomRepository.class
com\hotelsystem\room_service\application\DeleteRoomCommandHandler.class
com\hotelsystem\room_service\RoomServiceApplication.class
com\hotelsystem\room_service\application\DeleteRoomCommand.class
com\hotelsystem\room_service\application\UpdateRoomCommand.class
com\hotelsystem\room_service\application\GetRoomQuery.class
com\hotelsystem\room_service\application\GetAvailableRoomsQueryHandler.class
com\hotelsystem\room_service\controller\RoomController.class
com\hotelsystem\room_service\application\UpdateRoomCommandHandler.class
com\hotelsystem\room_service\application\GetAvailableRoomsQuery.class
com\hotelsystem\room_service\application\CreateRoomCommand.class
com\hotelsystem\room_service\model\RoomType.class
com\hotelsystem\room_service\event\RoomCleanedEvent.class
com\hotelsystem\room_service\application\UpdateRoomStatusCommand.class
com\hotelsystem\room_service\model\RoomStatus.class
com\hotelsystem\room_service\model\Room.class
