C:\Users\madin\.gemini\antigravity\scratch\hotel-system\backend\room-service\src\main\java\com\hotelsystem\room_service\repository\RoomRepository.java
C:\Users\madin\.gemini\antigravity\scratch\hotel-system\backend\room-service\src\main\java\com\hotelsystem\room_service\event\RoomStatusChangedEvent.java
C:\Users\madin\.gemini\antigravity\scratch\hotel-system\backend\room-service\src\main\java\com\hotelsystem\room_service\application\GetAvailableRoomsQuery.java
C:\Users\madin\.gemini\antigravity\scratch\hotel-system\backend\room-service\src\main\java\com\hotelsystem\room_service\RoomServiceApplication.java
C:\Users\madin\.gemini\antigravity\scratch\hotel-system\backend\room-service\src\main\java\com\hotelsystem\room_service\application\CreateRoomCommandHandler.java
C:\Users\madin\.gemini\antigravity\scratch\hotel-system\backend\room-service\src\main\java\com\hotelsystem\room_service\application\DeleteRoomCommandHandler.java
C:\Users\madin\.gemini\antigravity\scratch\hotel-system\backend\room-service\src\main\java\com\hotelsystem\room_service\application\GetRoomQueryHandler.java
C:\Users\madin\.gemini\antigravity\scratch\hotel-system\backend\room-service\src\main\java\com\hotelsystem\room_service\model\Room.java
C:\Users\madin\.gemini\antigravity\scratch\hotel-system\backend\room-service\src\main\java\com\hotelsystem\room_service\application\UpdateRoomStatusCommand.java
C:\Users\madin\.gemini\antigravity\scratch\hotel-system\backend\room-service\src\main\java\com\hotelsystem\room_service\exception\GlobalExceptionHandler.java
C:\Users\madin\.gemini\antigravity\scratch\hotel-system\backend\room-service\src\main\java\com\hotelsystem\room_service\repository\AmenityRepository.java
C:\Users\madin\.gemini\antigravity\scratch\hotel-system\backend\room-service\src\main\java\com\hotelsystem\room_service\application\UpdateRoomCommand.java
C:\Users\madin\.gemini\antigravity\scratch\hotel-system\backend\room-service\src\main\java\com\hotelsystem\room_service\model\RoomType.java
C:\Users\madin\.gemini\antigravity\scratch\hotel-system\backend\room-service\src\main\java\com\hotelsystem\room_service\application\DeleteRoomCommand.java
C:\Users\madin\.gemini\antigravity\scratch\hotel-system\backend\room-service\src\main\java\com\hotelsystem\room_service\model\RoomView.java
C:\Users\madin\.gemini\antigravity\scratch\hotel-system\backend\room-service\src\main\java\com\hotelsystem\room_service\application\GetRoomQuery.java
C:\Users\madin\.gemini\antigravity\scratch\hotel-system\backend\room-service\src\main\java\com\hotelsystem\room_service\model\Amenity.java
C:\Users\madin\.gemini\antigravity\scratch\hotel-system\backend\room-service\src\main\java\com\hotelsystem\room_service\application\UpdateRoomStatusCommandHandler.java
C:\Users\madin\.gemini\antigravity\scratch\hotel-system\backend\room-service\src\main\java\com\hotelsystem\room_service\model\RoomStatus.java
C:\Users\madin\.gemini\antigravity\scratch\hotel-system\backend\room-service\src\main\java\com\hotelsystem\room_service\application\UpdateRoomCommandHandler.java
C:\Users\madin\.gemini\antigravity\scratch\hotel-system\backend\room-service\src\main\java\com\hotelsystem\room_service\model\BedType.java
C:\Users\madin\.gemini\antigravity\scratch\hotel-system\backend\room-service\src\main\java\com\hotelsystem\room_service\event\RoomCleanedEvent.java
C:\Users\madin\.gemini\antigravity\scratch\hotel-system\backend\room-service\src\main\java\com\hotelsystem\room_service\bootstrap\RoomDataSeeder.java
C:\Users\madin\.gemini\antigravity\scratch\hotel-system\backend\room-service\src\main\java\com\hotelsystem\room_service\application\GetAvailableRoomsQueryHandler.java
C:\Users\madin\.gemini\antigravity\scratch\hotel-system\backend\room-service\src\main\java\com\hotelsystem\room_service\application\CreateRoomCommand.java
C:\Users\madin\.gemini\antigravity\scratch\hotel-system\backend\room-service\src\main\java\com\hotelsystem\room_service\controller\RoomController.java
